###############################################################################
#
# IAR ELF Linker V8.50.6.265/W32 for ARM                  22/Jan/2021  10:45:06
# Copyright 2007-2020 IAR Systems AB.
#
#    Output file  =
#        C:\Users\RAZER\Documents\IAR\CSE2_Project_GR1\Debug\Exe\OS_Project.out
#    Map file     =
#        C:\Users\RAZER\Documents\IAR\CSE2_Project_GR1\Debug\List\OS_Project.map
#    Command line =
#        -f C:\Users\RAZER\AppData\Local\Temp\EWDB74.tmp
#        (C:\Users\RAZER\Documents\IAR\CSE2_Project_GR1\Debug\Obj\main.o
#        --no_out_extension -o
#        C:\Users\RAZER\Documents\IAR\CSE2_Project_GR1\Debug\Exe\OS_Project.out
#        --redirect _Printf=_PrintfFullNoMb --redirect _Scanf=_ScanfFullNoMb
#        --map
#        C:\Users\RAZER\Documents\IAR\CSE2_Project_GR1\Debug\List\OS_Project.map
#        --config "C:\Program Files (x86)\IAR Systems\Embedded Workbench
#        8.4\arm\config\linker\Microchip\sam3x8\sram.icf" --semihosting --entry
#        __iar_program_start --vfe --text_out locale)
#
###############################################################################

*******************************************************************************
*** RUNTIME MODEL ATTRIBUTES
***

CppFlavor       = *
__SystemLibrary = DLib
__dlib_version  = 6


*******************************************************************************
*** HEAP SELECTION
***

The basic heap was selected because some modules are built with
size limitations (and not runtime checking), and --advanced_heap
was not specified.


*******************************************************************************
*** PLACEMENT SUMMARY
***

"A0":  place at address 0x2007'0000 { ro section .intvec };
"P1":  place in [from 0x2007'0000 to 0x2008'7fff] { ro };
define block CSTACK with size = 4K, alignment = 8 { };
define block HEAP with size = 8K, alignment = 8 { };
"P2":  place in [from 0x2007'0000 to 0x2008'7fff] {
          rw, block CSTACK, block HEAP };

No sections matched the following patterns:

  rw  in "P1-P2"


  Section   Kind         Address    Size  Object
  -------   ----         -------    ----  ------
"A0":                               0x40
  .intvec   ro code  0x2007'0000    0x40  vector_table_M.o [3]
                   - 0x2007'0040    0x40

"P1-P2", part 1 of 2:               0x58
  .text     ro code  0x2007'0040    0x1e  cmain.o [3]
  .text     ro code  0x2007'005e     0x4  low_level_init.o [2]
  .text     ro code  0x2007'0062     0x4  main.o [1]
  .text     ro code  0x2007'0066     0x4  exit.o [2]
  .text     ro code  0x2007'006a     0x2  vector_table_M.o [3]
  .text     ro code  0x2007'006c     0xa  cexit.o [3]
  .text     ro code  0x2007'0078    0x14  exit.o [4]
  .text     ro code  0x2007'008c     0xc  cstartup_M.o [3]
                   - 0x2007'0098    0x58

"P1-P2", part 2 of 2:             0x1000
  CSTACK             0x2007'0098  0x1000  <Block>
    CSTACK  uninit   0x2007'0098  0x1000  <Block tail>
                   - 0x2007'1098  0x1000

Unused ranges:

         From           To      Size
         ----           --      ----
  0x2007'1098  0x2008'7fff  0x1'6f68



*******************************************************************************
*** MODULE SUMMARY
***

    Module            ro code  rw data
    ------            -------  -------
command line/config:
    ----------------------------------
    Total:

C:\Users\RAZER\Documents\IAR\CSE2_Project_GR1\Debug\Obj: [1]
    main.o                  4
    ----------------------------------
    Total:                  4

dl7M_tln.a: [2]
    exit.o                  4
    low_level_init.o        4
    ----------------------------------
    Total:                  8

rt7M_tl.a: [3]
    cexit.o                10
    cmain.o                30
    cstartup_M.o           12
    vector_table_M.o       66
    ----------------------------------
    Total:                118

shb_l.a: [4]
    exit.o                 20
    ----------------------------------
    Total:                 20

    Gaps                    2
    Linker created               4'096
--------------------------------------
    Grand Total:          152    4'096


*******************************************************************************
*** ENTRY LIST
***

Entry                     Address  Size  Type      Object
-----                     -------  ----  ----      ------
?main                 0x2007'0041        Code  Gb  cmain.o [3]
CSTACK$$Base          0x2007'0098         --   Gb  - Linker created -
CSTACK$$Limit         0x2007'1098         --   Gb  - Linker created -
Region$$Table$$Base           0x0         --   Gb  - Linker created -
Region$$Table$$Limit          0x0         --   Gb  - Linker created -
__cmain               0x2007'0041        Code  Gb  cmain.o [3]
__exit                0x2007'0079  0x14  Code  Gb  exit.o [4]
__iar_program_start   0x2007'008d        Code  Gb  cstartup_M.o [3]
__low_level_init      0x2007'005f   0x4  Code  Gb  low_level_init.o [2]
__vector_table        0x2007'0000        Data  Gb  vector_table_M.o [3]
_call_main            0x2007'004d        Code  Gb  cmain.o [3]
_exit                 0x2007'006d        Code  Gb  cexit.o [3]
_main                 0x2007'005b        Code  Gb  cmain.o [3]
exit                  0x2007'0067   0x4  Code  Gb  exit.o [2]
main                  0x2007'0063   0x4  Code  Gb  main.o [1]


[1] = C:\Users\RAZER\Documents\IAR\CSE2_Project_GR1\Debug\Obj
[2] = dl7M_tln.a
[3] = rt7M_tl.a
[4] = shb_l.a

    152 bytes of readonly  code memory
  4'096 bytes of readwrite data memory

Errors: none
Warnings: none
